// Jest Snapshot v1, https://goo.gl/fbAQLP

exports[`<DataRow /> matched with a snapshot 1`] = `
<div>
  <div
    class="sc-bczRLJ eYrFET"
  >
    <span>
      test label
    </span>
    <span>
      example value
    </span>
  </div>
</div>
`;
