// Jest Snapshot v1, https://goo.gl/fbAQLP

exports[`<Card /> matched with a snapshot 1`] = `
<div>
  <div
    class="sc-bczRLJ gksoUO"
  >
    <div
      class="p-3"
    >
      <div>
        Driver ID: 
        <span>
          1234
        </span>
      </div>
      <i
        class="bi bi-three-dots"
      />
    </div>
    <hr />
    <div
      class="p-3"
    >
      Testing
    </div>
  </div>
</div>
`;
